[ config   ] AAM updater:
              MAX_FETCHES=0
              REQUEST_SLEEP=1
              CONCURRENCY=2
              AUM=:
              DIVIDEND_YIELD=:
              EDGAR_FALLBACK=true
              HISTORY_PAGE_SIZE=1000
              HISTORY_RANGE=max
              HOLDINGS_PAGE_SIZE=250
              MAX_RETRIES=2
              PERFORMANCE_10Y=:
              PERFORMANCE_1Y=:
              PERFORMANCE_3Y=:
              PERFORMANCE_5Y=:
              PERFORMANCE_YTD=:
              SEC_UA=AAM static feed https://github.com/daggerok/AAM (contact via repository issues)
              SEC_YIELD=:
              SKIP_AAM=false
              SKIP_YAHOO=false
              TER=:
              TICKERS=LODI,TIIV,TRFM
              TOTAL_RETURN_10Y=:
              TOTAL_RETURN_1Y=:
              TOTAL_RETURN_3Y=:
              TOTAL_RETURN_5Y=:
              TOTAL_RETURN_YTD=:
              VERBOSE=true
[ catalog  ] 9 AAM ETFs (aamlive.com / published catalog fallback)
[ filter   ] 3 of 9 funds pass filters
[  1/3   ] TIIV  updated   history=298 holdings=67 divs=2 netAssets=$32.4M div=2.13 sec=2.47
[  2/3   ] LODI  updated   history=456 holdings=218 divs=22 netAssets=$106.8M div=5.29 sec=5.17
[  3/3   ] TRFM  updated   history=1060 holdings=270 divs=3 netAssets=$292.8M div=0.14 sec=0.13
[ done     ] 3 funds updated, 0 failures (0 skipped)
[ done     ] counts: 9 funds / 1162 holdings rows / 7623 history rows
