bun test v1.4.2 (744846f84)

scripts/update-data.test.ts:
(pass) conservative unfiltered defaults; explicit env and AAM aliases win [2.62ms]
(pass) invalid config fails before provider requests or disk writes [0.96ms]
(pass) strict ranges allow zero/negative/unbounded; reject garbage and inversion [0.24ms]
(pass) AUM presets and suffix bounds [0.24ms]
(pass) N lanes, not one shared request gate; simultaneous calls reserve chosen lane [0.44ms]
(pass) queue preserves values/rejections and recovers after async and sync throws [0.21ms]
(pass) queue serializes per-key only [0.14ms]
(pass) recursive timestamp stripping, deterministic key order, real changes kept [0.35ms]
(pass) real writer keeps byte-identical timestamp-only candidates [2.47ms]
(pass) shared console omits null fields and keeps real zeros/false [0.42ms]
(pass) dated official catalog: all nine funds, issuer categories, yield sign and dates [3.99ms]
(pass) entity decoding preserves names without browser/DOM or network [0.15ms]
(pass) numeric return-slot union: every tenor/reordered headers/zero/negative/missing/unknown; date preserved [0.30ms]
(pass) distribution parser uses total $/Share, correct ex date, and reordered columns, retains zero [0.32ms]
(pass) dated SPDV detail: identity, official NAV-only returns, partial preview, dividends [2.75ms]
(pass) dated PFLD detail: identity, official NAV-only returns, partial preview, dividends [1.15ms]
(pass) dated CLOC detail: identity, official NAV-only returns, partial preview, dividends [0.88ms]
(pass) POST body fresh state, exact observed event, no cookies/client state [1.39ms]
(pass) real SPDV XLS: FULL 55-row portfolio (not 10), preserved weights [11.89ms]
(pass) real PFLD XLS: FULL 338-row portfolio (not 10), preserved weights [59.44ms]
(pass) real CLOC XLS: FULL 61-row portfolio (not 10), preserved weights [12.11ms]
(pass) XLS fails closed on HTML, truncation, cyclic FAT, unsupported/new cell dialect and headers [1.78ms]
(pass) Excel date serials are dates, not inferred from name/coupon; leap-day convention [0.11ms]
(pass) Yahoo parser rounds adjusted-close jitter, retains zero volume, skips missing quote, sorts dividends [0.84ms]
(pass) derived cumulative/annualized metrics and indicated yield preserve units and nulls [0.73ms]
(pass) cadence inference and official frequency labels do not depend on wall clock [0.18ms]
(pass) price-return windows require coverage; no 3Y return from one year [0.47ms]
(pass) all filter families are AND, unknown values fail bounded ranges, true zero passes [0.42ms]
(pass) SEC public ticker schemas, exact trust + series match; no first-filing guess [2.96ms]
(pass) SEC accessions/Atom translate to raw primary_doc XML, not presentation XSL [0.46ms]
(pass) transport retries transient/network errors only; 403/404 do not get retried [1.75ms]
(pass) page builder numbers 001+, counts exact, empty means no fake page [0.21ms]
(pass) real pagination removes stale owned pages, round-trips manifest, refuses corrupt retention [3.52ms]
(pass) limited fresh history merges without losing old rows; official events beat Yahoo amounts [8.32ms]
(pass) bounded cursor rotates sorted selected set, full pass ignores cursor [1.31ms]
[ config   ] AAM updater:
              MAX_FETCHES=0
              REQUEST_SLEEP=0
              CONCURRENCY=2
              AUM=:
              DIVIDEND_YIELD=:
              EDGAR_FALLBACK=true
              HISTORY_PAGE_SIZE=1000
              HISTORY_RANGE=max
              HOLDINGS_PAGE_SIZE=250
              MAX_RETRIES=0
              PERFORMANCE_10Y=:
              PERFORMANCE_1Y=:
              PERFORMANCE_3Y=:
              PERFORMANCE_5Y=:
              PERFORMANCE_YTD=:
              SEC_UA=AAM static feed https://github.com/daggerok/AAM (contact via repository issues)
              SEC_YIELD=:
              SKIP_AAM=false
              SKIP_YAHOO=false
              TER=:
              TICKERS=CLOC,PFLD,SPDV
              TOTAL_RETURN_10Y=:
              TOTAL_RETURN_1Y=:
              TOTAL_RETURN_3Y=:
              TOTAL_RETURN_5Y=:
              TOTAL_RETURN_YTD=:
              VERBOSE=false
[ catalog  ] 9 AAM ETFs (aamlive.com / published catalog fallback)
[ filter   ] 3 of 9 funds pass filters
[  1/3   ] CLOC  updated   history=3 holdings=61 divs=11 netAssets=$61.0M div=6.2 sec=5.77
[  2/3   ] PFLD  updated   history=3 holdings=338 divs=11 netAssets=$378.2M div=5.63 sec=5.86
[  3/3   ] SPDV  updated   history=3 holdings=55 divs=11 netAssets=$100.7M div=3.52 sec=3.6
[ done     ] 3 funds updated, 0 failures (0 skipped)
[ done     ] counts: 9 funds / 454 holdings rows / 9 history rows
[ config   ] AAM updater:
              MAX_FETCHES=0
              REQUEST_SLEEP=0
              CONCURRENCY=2
              AUM=:
              DIVIDEND_YIELD=:
              EDGAR_FALLBACK=true
              HISTORY_PAGE_SIZE=1000
              HISTORY_RANGE=max
              HOLDINGS_PAGE_SIZE=250
              MAX_RETRIES=0
              PERFORMANCE_10Y=:
              PERFORMANCE_1Y=:
              PERFORMANCE_3Y=:
              PERFORMANCE_5Y=:
              PERFORMANCE_YTD=:
              SEC_UA=AAM static feed https://github.com/daggerok/AAM (contact via repository issues)
              SEC_YIELD=:
              SKIP_AAM=false
              SKIP_YAHOO=false
              TER=:
              TICKERS=CLOC,PFLD,SPDV
              TOTAL_RETURN_10Y=:
              TOTAL_RETURN_1Y=:
              TOTAL_RETURN_3Y=:
              TOTAL_RETURN_5Y=:
              TOTAL_RETURN_YTD=:
              VERBOSE=false
[ catalog  ] 9 AAM ETFs (aamlive.com / published catalog fallback)
[ filter   ] 3 of 9 funds pass filters
[  1/3   ] CLOC  unchanged history=3 holdings=61 divs=11 netAssets=$61.0M div=6.2 sec=5.77
[  2/3   ] PFLD  unchanged history=3 holdings=338 divs=11 netAssets=$378.2M div=5.63 sec=5.86
[  3/3   ] SPDV  unchanged history=3 holdings=55 divs=11 netAssets=$100.7M div=3.52 sec=3.6
[ done     ] 3 funds updated, 0 failures (0 skipped)
[ done     ] counts: 9 funds / 454 holdings rows / 9 history rows
(pass) CLI assembly processes explicit subset, preserves 6 unrequested funds/files, second fixture run byte-stable [122.64ms]
[ config   ] AAM updater:
              MAX_FETCHES=0
              REQUEST_SLEEP=0
              CONCURRENCY=2
              AUM=:
              DIVIDEND_YIELD=:
              EDGAR_FALLBACK=true
              HISTORY_PAGE_SIZE=1000
              HISTORY_RANGE=max
              HOLDINGS_PAGE_SIZE=250
              MAX_RETRIES=0
              PERFORMANCE_10Y=:
              PERFORMANCE_1Y=:
              PERFORMANCE_3Y=:
              PERFORMANCE_5Y=:
              PERFORMANCE_YTD=:
              SEC_UA=AAM static feed https://github.com/daggerok/AAM (contact via repository issues)
              SEC_YIELD=:
              SKIP_AAM=false
              SKIP_YAHOO=false
              TER=:
              TICKERS=CLOC,PFLD,SPDV
              TOTAL_RETURN_10Y=:
              TOTAL_RETURN_1Y=:
              TOTAL_RETURN_3Y=:
              TOTAL_RETURN_5Y=:
              TOTAL_RETURN_YTD=:
              VERBOSE=false
[ catalog  ] 9 AAM ETFs (aamlive.com / published catalog fallback)
[ filter   ] 3 of 9 funds pass filters
[  1/3   ] CLOC  updated   history=3 holdings=61 divs=11 netAssets=$61.0M div=6.2 sec=5.77
[  2/3   ] PFLD  updated   history=3 holdings=338 divs=11 netAssets=$378.2M div=5.63 sec=5.86
[  3/3   ] SPDV  updated   history=3 holdings=55 divs=11 netAssets=$100.7M div=3.52 sec=3.6
[ done     ] 3 funds updated, 0 failures (0 skipped)
[ done     ] counts: 9 funds / 454 holdings rows / 9 history rows
[ config   ] AAM updater:
              MAX_FETCHES=0
              REQUEST_SLEEP=0
              CONCURRENCY=2
              AUM=:
              DIVIDEND_YIELD=:
              EDGAR_FALLBACK=true
              HISTORY_PAGE_SIZE=1000
              HISTORY_RANGE=max
              HOLDINGS_PAGE_SIZE=250
              MAX_RETRIES=0
              PERFORMANCE_10Y=:
              PERFORMANCE_1Y=:
              PERFORMANCE_3Y=:
              PERFORMANCE_5Y=:
              PERFORMANCE_YTD=:
              SEC_UA=AAM static feed https://github.com/daggerok/AAM (contact via repository issues)
              SEC_YIELD=:
              SKIP_AAM=false
              SKIP_YAHOO=false
              TER=:
              TICKERS=CLOC,PFLD,SPDV
              TOTAL_RETURN_10Y=:
              TOTAL_RETURN_1Y=:
              TOTAL_RETURN_3Y=:
              TOTAL_RETURN_5Y=:
              TOTAL_RETURN_YTD=:
              VERBOSE=false
[ catalog  ] AAM unavailable: AAM catalog: HTTP 403 — using published catalog
[ catalog  ] 9 AAM ETFs (aamlive.com / published catalog fallback)
[ filter   ] 3 of 9 funds pass filters
[  1/3   ] CLOC  unchanged history=3 holdings=61 divs=11 netAssets=$61.0M div=6.2 sec=5.77 reason=no fresh per-fund source; published data retained
[  2/3   ] PFLD  unchanged history=3 holdings=338 divs=11 netAssets=$378.2M div=5.63 sec=5.86 reason=no fresh per-fund source; published data retained
[  3/3   ] SPDV  unchanged history=3 holdings=55 divs=11 netAssets=$100.7M div=3.52 sec=3.6 reason=no fresh per-fund source; published data retained
[ done     ] 3 funds updated, 0 failures (0 skipped)
[ done     ] counts: 9 funds / 454 holdings rows / 9 history rows
(pass) real cached retention on all provider denials; no empty portfolio/history/index replacement [59.01ms]
[ config   ] AAM updater:
              MAX_FETCHES=2
              REQUEST_SLEEP=0
              CONCURRENCY=2
              AUM=:
              DIVIDEND_YIELD=:
              EDGAR_FALLBACK=true
              HISTORY_PAGE_SIZE=1000
              HISTORY_RANGE=max
              HOLDINGS_PAGE_SIZE=250
              MAX_RETRIES=0
              PERFORMANCE_10Y=:
              PERFORMANCE_1Y=:
              PERFORMANCE_3Y=:
              PERFORMANCE_5Y=:
              PERFORMANCE_YTD=:
              SEC_UA=AAM static feed https://github.com/daggerok/AAM (contact via repository issues)
              SEC_YIELD=:
              SKIP_AAM=false
              SKIP_YAHOO=false
              TER=:
              TICKERS=CLOC,PFLD,SPDV
              TOTAL_RETURN_10Y=:
              TOTAL_RETURN_1Y=:
              TOTAL_RETURN_3Y=:
              TOTAL_RETURN_5Y=:
              TOTAL_RETURN_YTD=:
              VERBOSE=false
[ catalog  ] 9 AAM ETFs (aamlive.com / published catalog fallback)
[ filter   ] 2 of 9 funds pass filters
[  1/2   ] CLOC  updated   history=3 holdings=61 divs=11 netAssets=$61.0M div=6.2 sec=5.77
[  2/2   ] PFLD  updated   history=3 holdings=338 divs=11 netAssets=$378.2M div=5.63 sec=5.86
[ done     ] 2 funds updated, 0 failures (0 skipped)
[ done     ] counts: 9 funds / 399 holdings rows / 6 history rows
[ config   ] AAM updater:
              MAX_FETCHES=1
              REQUEST_SLEEP=0
              CONCURRENCY=2
              AUM=:
              DIVIDEND_YIELD=:
              EDGAR_FALLBACK=true
              HISTORY_PAGE_SIZE=1000
              HISTORY_RANGE=max
              HOLDINGS_PAGE_SIZE=250
              MAX_RETRIES=0
              PERFORMANCE_10Y=:
              PERFORMANCE_1Y=:
              PERFORMANCE_3Y=:
              PERFORMANCE_5Y=:
              PERFORMANCE_YTD=:
              SEC_UA=AAM static feed https://github.com/daggerok/AAM (contact via repository issues)
              SEC_YIELD=:
              SKIP_AAM=false
              SKIP_YAHOO=false
              TER=:
              TICKERS=CLOC,PFLD,SPDV
              TOTAL_RETURN_10Y=:
              TOTAL_RETURN_1Y=:
              TOTAL_RETURN_3Y=:
              TOTAL_RETURN_5Y=:
              TOTAL_RETURN_YTD=:
              VERBOSE=false
[ catalog  ] 9 AAM ETFs (aamlive.com / published catalog fallback)
[ filter   ] 1 of 9 funds pass filters
[  1/1   ] SPDV  updated   history=3 holdings=55 divs=11 netAssets=$100.7M div=3.52 sec=3.6
[ done     ] 1 funds updated, 0 failures (0 skipped)
[ done     ] counts: 9 funds / 454 holdings rows / 9 history rows
[ config   ] AAM updater:
              MAX_FETCHES=0
              REQUEST_SLEEP=0
              CONCURRENCY=2
              AUM=:
              DIVIDEND_YIELD=:
              EDGAR_FALLBACK=true
              HISTORY_PAGE_SIZE=1000
              HISTORY_RANGE=max
              HOLDINGS_PAGE_SIZE=250
              MAX_RETRIES=0
              PERFORMANCE_10Y=:
              PERFORMANCE_1Y=:
              PERFORMANCE_3Y=:
              PERFORMANCE_5Y=:
              PERFORMANCE_YTD=:
              SEC_UA=AAM static feed https://github.com/daggerok/AAM (contact via repository issues)
              SEC_YIELD=:
              SKIP_AAM=false
              SKIP_YAHOO=false
              TER=:0
              TICKERS=CLOC,PFLD,SPDV
              TOTAL_RETURN_10Y=:
              TOTAL_RETURN_1Y=:
              TOTAL_RETURN_3Y=:
              TOTAL_RETURN_5Y=:
              TOTAL_RETURN_YTD=:
              VERBOSE=false
[ catalog  ] 9 AAM ETFs (aamlive.com / published catalog fallback)
[ filter   ] 3 of 9 funds selected for evaluation (data-dependent filters applied per fund)
[  1/3   ] CLOC  skipped   history=3 holdings=61 divs=11 netAssets=$61.0M div=6.2 sec=5.77 reason=AUM/TER/SEC_YIELD
[  2/3   ] PFLD  skipped   history=3 holdings=338 divs=11 netAssets=$378.2M div=5.63 sec=5.86 reason=AUM/TER/SEC_YIELD
[  3/3   ] SPDV  skipped   history=3 holdings=55 divs=11 netAssets=$100.7M div=3.52 sec=3.6 reason=AUM/TER/SEC_YIELD
[ done     ] 0 funds updated, 0 failures (3 skipped)
[ done     ] counts: 9 funds / 454 holdings rows / 9 history rows
(pass) bounded runs advance in queue order; AND filters skip without modifying cached fund files [71.16ms]
[ config   ] AAM updater:
              MAX_FETCHES=0
              REQUEST_SLEEP=0
              CONCURRENCY=2
              AUM=:
              DIVIDEND_YIELD=:
              EDGAR_FALLBACK=true
              HISTORY_PAGE_SIZE=1000
              HISTORY_RANGE=max
              HOLDINGS_PAGE_SIZE=250
              MAX_RETRIES=0
              PERFORMANCE_10Y=:
              PERFORMANCE_1Y=:
              PERFORMANCE_3Y=:
              PERFORMANCE_5Y=:
              PERFORMANCE_YTD=:
              SEC_UA=AAM static feed https://github.com/daggerok/AAM (contact via repository issues)
              SEC_YIELD=:
              SKIP_AAM=false
              SKIP_YAHOO=false
              TER=:
              TICKERS=CLOC,PFLD,SPDV
              TOTAL_RETURN_10Y=:
              TOTAL_RETURN_1Y=:
              TOTAL_RETURN_3Y=:
              TOTAL_RETURN_5Y=:
              TOTAL_RETURN_YTD=:
              VERBOSE=false
[ catalog  ] 9 AAM ETFs (aamlive.com / published catalog fallback)
[ filter   ] 3 of 9 funds pass filters
[  1/3   ] CLOC  updated   history=3 holdings=61 divs=11 netAssets=$61.0M div=6.2 sec=5.77
[  2/3   ] PFLD  updated   history=3 holdings=338 divs=11 netAssets=$378.2M div=5.63 sec=5.86
[  3/3   ] SPDV  updated   history=3 holdings=55 divs=11 netAssets=$100.7M div=3.52 sec=3.6
[ done     ] 3 funds updated, 0 failures (0 skipped)
[ done     ] counts: 9 funds / 454 holdings rows / 9 history rows
[ config   ] AAM updater:
              MAX_FETCHES=2
              REQUEST_SLEEP=0
              CONCURRENCY=2
              AUM=:
              DIVIDEND_YIELD=:
              EDGAR_FALLBACK=true
              HISTORY_PAGE_SIZE=1000
              HISTORY_RANGE=max
              HOLDINGS_PAGE_SIZE=250
              MAX_RETRIES=0
              PERFORMANCE_10Y=:
              PERFORMANCE_1Y=:
              PERFORMANCE_3Y=:
              PERFORMANCE_5Y=:
              PERFORMANCE_YTD=:
              SEC_UA=AAM static feed https://github.com/daggerok/AAM (contact via repository issues)
              SEC_YIELD=:
              SKIP_AAM=false
              SKIP_YAHOO=false
              TER=:
              TICKERS=CLOC,PFLD,SPDV
              TOTAL_RETURN_10Y=:
              TOTAL_RETURN_1Y=:
              TOTAL_RETURN_3Y=:
              TOTAL_RETURN_5Y=:
              TOTAL_RETURN_YTD=:
              VERBOSE=false
[ catalog  ] 9 AAM ETFs (aamlive.com / published catalog fallback)
[ filter   ] 2 of 9 funds pass filters
[  1/2   ] PFLD  failed    history=3 holdings=338 divs=11 netAssets=$378.2M div=5.63 sec=5.86 reason=Incomplete holdings page
[  2/2   ] CLOC  unchanged history=3 holdings=61 divs=11 netAssets=$61.0M div=6.2 sec=5.77
[ done     ] 1 funds updated, 1 failures (0 skipped)
[ done     ] counts: 9 funds / 454 holdings rows / 9 history rows
(pass) one corrupt cached fund fails but other workers continue; failing batch cursor not advanced [65.19ms]
[ config   ] AAM updater:
              MAX_FETCHES=0
              REQUEST_SLEEP=0
              CONCURRENCY=2
              AUM=:
              DIVIDEND_YIELD=:
              EDGAR_FALLBACK=true
              HISTORY_PAGE_SIZE=1000
              HISTORY_RANGE=max
              HOLDINGS_PAGE_SIZE=250
              MAX_RETRIES=0
              PERFORMANCE_10Y=:
              PERFORMANCE_1Y=:
              PERFORMANCE_3Y=:
              PERFORMANCE_5Y=:
              PERFORMANCE_YTD=:
              SEC_UA=AAM static feed https://github.com/daggerok/AAM (contact via repository issues)
              SEC_YIELD=:
              SKIP_AAM=false
              SKIP_YAHOO=false
              TER=:
              TICKERS=NOTREAL
              TOTAL_RETURN_10Y=:
              TOTAL_RETURN_1Y=:
              TOTAL_RETURN_3Y=:
              TOTAL_RETURN_5Y=:
              TOTAL_RETURN_YTD=:
              VERBOSE=false
(pass) strict invalid controls fail without ANY fixture fetch; unknown ticker fails before per-fund calls [6.63ms]
(pass) XLS/preview validates one snapshot rather than silently accepting partial/wrong workbook [4.73ms]
[ config   ] AAM updater:
              MAX_FETCHES=0
              REQUEST_SLEEP=0
              CONCURRENCY=2
              AUM=:
              DIVIDEND_YIELD=:
              EDGAR_FALLBACK=true
              HISTORY_PAGE_SIZE=1000
              HISTORY_RANGE=max
              HOLDINGS_PAGE_SIZE=250
              MAX_RETRIES=0
              PERFORMANCE_10Y=:
              PERFORMANCE_1Y=:
              PERFORMANCE_3Y=:
              PERFORMANCE_5Y=:
              PERFORMANCE_YTD=:
              SEC_UA=AAM static feed https://github.com/daggerok/AAM (contact via repository issues)
              SEC_YIELD=:
              SKIP_AAM=false
              SKIP_YAHOO=false
              TER=:
              TICKERS=SPDV
              TOTAL_RETURN_10Y=:
              TOTAL_RETURN_1Y=:
              TOTAL_RETURN_3Y=:
              TOTAL_RETURN_5Y=:
              TOTAL_RETURN_YTD=:
              VERBOSE=false
[ catalog  ] 9 AAM ETFs (aamlive.com / published catalog fallback)
[ filter   ] 1 of 9 funds pass filters
[  1/1   ] SPDV  updated   history=3 holdings=3 divs=11 netAssets=$100.7M div=3.52 sec=3.6
[ done     ] 1 funds updated, 0 failures (0 skipped)
[ done     ] counts: 9 funds / 3 holdings rows / 3 history rows
(pass) SEC fallback fixture resolves correct trust/series; common-stock tickers never applied to bonds [13.76ms]
(pass) older record/pay dates survive chart updates after leaving official recent-page window [0.17ms]
(pass) zero price anchors cannot yield infinite derived financial returns [0.09ms]

 44 pass
 0 fail
 267 expect() calls
Ran 44 tests across 1 file. [491.00ms]
