[ config   ] AAM updater:
              MAX_FETCHES=0
              REQUEST_SLEEP=1
              CONCURRENCY=2
              AUM=:
              DIVIDEND_YIELD=:
              EDGAR_FALLBACK=true
              HISTORY_PAGE_SIZE=1000
              HISTORY_RANGE=max
              HOLDINGS_PAGE_SIZE=250
              MAX_RETRIES=2
              PERFORMANCE_10Y=:
              PERFORMANCE_1Y=:
              PERFORMANCE_3Y=:
              PERFORMANCE_5Y=:
              PERFORMANCE_YTD=:
              SEC_UA=AAM static feed https://github.com/daggerok/AAM (contact via repository issues)
              SEC_YIELD=:
              SKIP_AAM=false
              SKIP_YAHOO=false
              TER=:
              TICKERS=BDIV,SAWG,SAWS
              TOTAL_RETURN_10Y=:
              TOTAL_RETURN_1Y=:
              TOTAL_RETURN_3Y=:
              TOTAL_RETURN_5Y=:
              TOTAL_RETURN_YTD=:
              VERBOSE=true
[ catalog  ] 9 AAM ETFs (aamlive.com / published catalog fallback)
[ filter   ] 3 of 9 funds pass filters
[  1/3   ] SAWG  updated   history=544 holdings=44 divs=2 netAssets=$3.0M div=0.25 sec=0.26
[  2/3   ] BDIV  updated   history=543 holdings=36 divs=26 netAssets=$6.8M div=0.98 sec=1.25
[  3/3   ] SAWS  updated   history=544 holdings=73 divs=2 netAssets=$7.6M div=0.02 sec=-0.04
[ done     ] 3 funds updated, 0 failures (0 skipped)
[ done     ] counts: 9 funds / 607 holdings rows / 5809 history rows
